// Jest Snapshot v1, https://goo.gl/fbAQLP

exports[`<SectionContainer /> Should render content and match with a snapshot 1`] = `
.c0 {
  max-width: 120rem;
  margin: 0 auto;
  padding: 3.2rem;
  width: 100%;
}

<div
  class="c0"
>
  <h1>
    children
  </h1>
</div>
`;
