// Jest Snapshot v1, https://goo.gl/fbAQLP

exports[`<GridTwoColumns /> Should render two columns grid component and match with snapshot 1`] = `
.c5 {
  color: #0A1128;
  font-size: 5.6rem;
  text-transform: uppercase;
}

.c2 {
  display: grid;
  grid-template-columns: 1fr 2fr;
  -webkit-align-items: center;
  -webkit-box-align: center;
  -ms-flex-align: center;
  align-items: center;
  gap: 3.2rem;
}

.c2 .c4 {
  margin-bottom: 4rem;
}

.c7 {
  width: 100%;
}

.c0 {
  background-color: #FFFFFF;
  color: #0A1128;
  min-height: 100vh;
  display: -webkit-box;
  display: -webkit-flex;
  display: -ms-flexbox;
  display: flex;
  -webkit-align-items: center;
  -webkit-box-align: center;
  -ms-flex-align: center;
  align-items: center;
}

.c1 {
  max-width: 120rem;
  margin: 0 auto;
  padding: 3.2rem;
  width: 100%;
}

.c6 {
  font-size: 2.4rem;
}

@media (max-width:768px) {
  .c5 {
    font-size: 4rem;
  }
}

@media (max-width:768px) {
  .c2 {
    grid-template-columns: 1fr;
    text-align: center;
  }
}

@media (max-width:768px) {
  .c3 {
    margin-bottom: 3.2rem;
  }
}

@media (max-width:768px) {
  .c6 {
    font-size: 1.6rem;
  }
}

<div
  class="c0"
  id=""
>
  <div
    class="c1"
  >
    <div
      class="c2"
    >
      <div
        class="c3"
      >
        <h2
          class="c4 c5"
        >
          GridTwoColumns
        </h2>
        <div
          class="c6"
        >
          Lorem ipsum dolor, sit amet consectetur adipisicing elit. Mollitia non pariatur, illum harum explicabo porro quisquam obcaecati exercitationem fuga rerum veniam dolore modi in itaque accusantium, vel quos, expedita recusandae.
        </div>
      </div>
      <div
        class=""
      >
        <img
          class="c7"
          src="assets/images/javascript.svg"
        />
      </div>
    </div>
  </div>
</div>
`;
