// Jest Snapshot v1, https://goo.gl/fbAQLP

exports[`<TextComponent /> Should match snapshot 1`] = `
.c0 {
  font-size: 2.4rem;
}

@media (max-width:768px) {
  .c0 {
    font-size: 1.6rem;
  }
}

<div
  class="c0"
>
  children
</div>
`;
