// Jest Snapshot v1, https://goo.gl/fbAQLP

exports[`<Gallery /> Should render a Gallery component and match with snapshot 1`] = `
.c5 {
  font-size: 2.4rem;
}

.c2 > .c4 {
  margin-bottom: 5.6rem;
}

.c6 {
  display: grid;
  grid-template-columns: repeat(auto-fill,minmax(280px,1fr));
  gap: 3.2rem;
}

.c7 {
  overflow: hidden;
}

.c8 {
  width: 100%;
  -webkit-transition: all 0.3s ease-in-out;
  transition: all 0.3s ease-in-out;
}

.c8:hover {
  -webkit-transform: scale(1.2) rotate(10deg);
  -ms-transform: scale(1.2) rotate(10deg);
  transform: scale(1.2) rotate(10deg);
}

.c0 {
  background-color: #FFFFFF;
  color: #0A1128;
  min-height: 100vh;
  display: -webkit-box;
  display: -webkit-flex;
  display: -ms-flexbox;
  display: flex;
  -webkit-align-items: center;
  -webkit-box-align: center;
  -ms-flex-align: center;
  align-items: center;
}

.c1 {
  max-width: 120rem;
  margin: 0 auto;
  padding: 3.2rem;
  width: 100%;
}

.c3 {
  color: #0A1128;
  font-size: 5.6rem;
  text-transform: uppercase;
}

@media (max-width:768px) {
  .c5 {
    font-size: 1.6rem;
  }
}

@media (max-width:768px) {
  .c6 {
    grid-template-columns: 1fr;
  }
}

@media (max-width:768px) {
  .c3 {
    font-size: 4rem;
  }
}

<div
  class="c0"
  id=""
>
  <div
    class="c1"
  >
    <div
      class="c2"
    >
      <h2
        class="c3"
      >
        My Gallery
      </h2>
      <div
        class="c4 c5"
      >
        Description Grid
      </div>
      <div
        class="c6"
      >
        <div
          class="c7"
        >
          <img
            alt="Title 1"
            class="c8"
            src="https://source.unsplash.com/random/800x800?r=1"
          />
        </div>
        <div
          class="c7"
        >
          <img
            alt="Title 2"
            class="c8"
            src="https://source.unsplash.com/random/800x800?r=2"
          />
        </div>
        <div
          class="c7"
        >
          <img
            alt="Title 3"
            class="c8"
            src="https://source.unsplash.com/random/800x800?r=3"
          />
        </div>
        <div
          class="c7"
        >
          <img
            alt="Title 4"
            class="c8"
            src="https://source.unsplash.com/random/800x800?r=6"
          />
        </div>
        <div
          class="c7"
        >
          <img
            alt="Title 5"
            class="c8"
            src="https://source.unsplash.com/random/800x800?r=4"
          />
        </div>
        <div
          class="c7"
        >
          <img
            alt="Title 6"
            class="c8"
            src="https://source.unsplash.com/random/800x800?r=5"
          />
        </div>
      </div>
    </div>
  </div>
</div>
`;

exports[`<Gallery /> Should render a Gallery component and match with snapshot 2`] = `
.c5 {
  font-size: 2.4rem;
}

.c2 > .c4 {
  margin-bottom: 5.6rem;
}

.c6 {
  display: grid;
  grid-template-columns: repeat(auto-fill,minmax(280px,1fr));
  gap: 3.2rem;
}

.c7 {
  overflow: hidden;
}

.c8 {
  width: 100%;
  -webkit-transition: all 0.3s ease-in-out;
  transition: all 0.3s ease-in-out;
}

.c8:hover {
  -webkit-transform: scale(1.2) rotate(10deg);
  -ms-transform: scale(1.2) rotate(10deg);
  transform: scale(1.2) rotate(10deg);
}

.c0 {
  background-color: #FFFFFF;
  color: #0A1128;
  min-height: 100vh;
  display: -webkit-box;
  display: -webkit-flex;
  display: -ms-flexbox;
  display: flex;
  -webkit-align-items: center;
  -webkit-box-align: center;
  -ms-flex-align: center;
  align-items: center;
}

.c1 {
  max-width: 120rem;
  margin: 0 auto;
  padding: 3.2rem;
  width: 100%;
}

.c3 {
  color: #0A1128;
  font-size: 5.6rem;
  text-transform: uppercase;
}

@media (max-width:768px) {
  .c5 {
    font-size: 1.6rem;
  }
}

@media (max-width:768px) {
  .c6 {
    grid-template-columns: 1fr;
  }
}

@media (max-width:768px) {
  .c3 {
    font-size: 4rem;
  }
}

<div
  class="c0"
  id=""
>
  <div
    class="c1"
  >
    <div
      class="c2"
    >
      <h2
        class="c3"
      >
        My Gallery
      </h2>
      <div
        class="c4 c5"
      >
        Description Grid
      </div>
      <div
        class="c6"
      >
        <div
          class="c7"
        >
          <img
            alt="Title 1"
            class="c8"
            src="https://source.unsplash.com/random/800x800?r=1"
          />
        </div>
        <div
          class="c7"
        >
          <img
            alt="Title 2"
            class="c8"
            src="https://source.unsplash.com/random/800x800?r=2"
          />
        </div>
        <div
          class="c7"
        >
          <img
            alt="Title 3"
            class="c8"
            src="https://source.unsplash.com/random/800x800?r=3"
          />
        </div>
        <div
          class="c7"
        >
          <img
            alt="Title 4"
            class="c8"
            src="https://source.unsplash.com/random/800x800?r=6"
          />
        </div>
        <div
          class="c7"
        >
          <img
            alt="Title 5"
            class="c8"
            src="https://source.unsplash.com/random/800x800?r=4"
          />
        </div>
        <div
          class="c7"
        >
          <img
            alt="Title 6"
            class="c8"
            src="https://source.unsplash.com/random/800x800?r=5"
          />
        </div>
      </div>
    </div>
  </div>
</div>
`;
